yalit@XPS MINGW64 ~/Code/lab-bash (master)
$ echo "Hello World"
Hello World

yalit@XPS MINGW64 ~/Code/lab-bash (master)
$ mkdir new_dir

yalit@XPS MINGW64 ~/Code/lab-bash (master)
$ ls
exercices/  inputs/  lorem/  lorem-copy/  new_dir/  outputs/  readme.md

yalit@XPS MINGW64 ~/Code/lab-bash (master)
$ rm -rf new_dir

yalit@XPS MINGW64 ~/Code/lab-bash (master)
$ ls
exercices/  inputs/  lorem/  lorem-copy/  outputs/  readme.md

yalit@XPS MINGW64 ~/Code/lab-bash (master)
$ cp lorem/sed.txt lorem-copy/sed.txt

yalit@XPS MINGW64 ~/Code/lab-bash (master)
$ ls lorem-copy
dummy_file.txt  sed.txt

yalit@XPS MINGW64 ~/Code/lab-bash (master)
$ ls lorem
at.txt  at.txte  lorem.txt  sed.txt

yalit@XPS MINGW64 ~/Code/lab-bash (master)
$ cp lorem/at.txt lorem-copy/; cp lorem/lorem.txt lorem-copy/

yalit@XPS MINGW64 ~/Code/lab-bash (master)
$ ls lorem-copy/
at.txt  dummy_file.txt  lorem.txt  sed.txt

yalit@XPS MINGW64 ~/Code/lab-bash (master)
$ cd lorem

yalit@XPS MINGW64 ~/Code/lab-bash/lorem (master)
$ cat sed.txt
Sed ut perspiciatis unde omnis iste natus error sit voluptatem accusantium doloremque laudantium,
totam rem aperiam, eaque ipsa quae ab illo inventore veritatis et quasi architecto beatae vitae dicta sunt explicabo.
Nemo enim ipsam voluptatem quia voluptas sit aspernatur aut odit aut fugit,
sed quia consequuntur magni dolores eos qui ratione voluptatem sequi nesciunt.
Neque porro quisquam est, qui dolorem ipsum quia dolor sit amet, consectetur, adipisci velit,
sed quia non numquam eius modi tempora incidunt ut labore et dolore magnam aliquam quaerat voluptatem.
Ut enim ad minima veniam, quis nostrum exercitationem ullam corporis suscipit laboriosam,
nisi ut aliquid ex ea commodi consequatur? Quis autem vel eum iure reprehenderit qui in ea voluptate velit esse quam nihil molestiae consequatur,
vel illum qui dolorem eum fugiat quo voluptas nulla pariatur?Homo homini lupus

yalit@XPS MINGW64 ~/Code/lab-bash/lorem (master)
$ cat at.txt lorem.txt
At vero eos ET accusamus ET iusto odio dignissimos ducimus qui blanditiis praesentium voluptatum
deleniti atque corrupti quos dolores ET quas molestias excepturi sint occaecati cupiditate non
provident, similique sunt in culpa qui officia deserunt mollitia animi, id est laborum ET dolorum fuga.
Et harum quidem rerum facilis est ET expedita distinctio.
Nam libero tempore, cum soluta nobis est eligendi optio cumque nihil impedit quo minus id quod
maxime placeat facere possimus, omnis voluptas assumenda est, omnis dolor repellendus.
Temporibus autem quibusdam ET aut officiis debitis aut rerum necessitatibus saepe eveniET
ut ET voluptates repudiandae sint ET molestiae non recusandae.
Itaque earum rerum hic tenETur a sapiente delectus, ut aut reiciendis voluptatibus maiores
alias consequatur aut perferendis doloribus asperiores repellat
Lorem ipsum dolor sit amet, consectetur adipiscing elit, sed do eiusmod tempor incididunt ut labore et dolore magna aliqua.
Ut enim ad minim veniam, quis nostrud exercitation ullamco laboris nisi ut aliquip ex ea commodo consequat.
Duis aute irure dolor in reprehenderit in voluptate velit esse cillum dolore eu fugiat nulla pariatur.
Excepteur sint occaecat cupidatat non proident, sunt in culpa qui officia deserunt mollit anim id est laborum.
yalit@XPS MINGW64 ~/Code/lab-bash/lorem (master)
$ cd ../lorem-copy/

yalit@XPS MINGW64 ~/Code/lab-bash/lorem-copy (master)
$ head -3 sed.txt
Sed ut perspiciatis unde omnis iste natus error sit voluptatem accusantium doloremque laudantium,
totam rem aperiam, eaque ipsa quae ab illo inventore veritatis et quasi architecto beatae vitae dicta sunt explicabo.
Nemo enim ipsam voluptatem quia voluptas sit aspernatur aut odit aut fugit,

yalit@XPS MINGW64 ~/Code/lab-bash/lorem-copy (master)
$ tail -3 sed.txt
Ut enim ad minima veniam, quis nostrum exercitationem ullam corporis suscipit laboriosam,
nisi ut aliquid ex ea commodi consequatur? Quis autem vel eum iure reprehenderit qui in ea voluptate velit esse quam nihil molestiae consequatur,
vel illum qui dolorem eum fugiat quo voluptas nulla pariatur?Homo homini lupus

yalit@XPS MINGW64 ~/Code/lab-bash/lorem-copy (master)
$ echo "Homo homini lupus" >> sed.txt

yalit@XPS MINGW64 ~/Code/lab-bash/lorem-copy (master)
$ tail -3 sed.txt
nisi ut aliquid ex ea commodi consequatur? Quis autem vel eum iure reprehenderit qui in ea voluptate velit esse quam nihil molestiae consequatur,
vel illum qui dolorem eum fugiat quo voluptas nulla pariatur?Homo homini lupus
Homo homini lupus

yalit@XPS MINGW64 ~/Code/lab-bash/lorem-copy (master)
$ cd ../lorem

yalit@XPS MINGW64 ~/Code/lab-bash/lorem (master)
$ sed -i -r "s/et/ET/g" at.txt

yalit@XPS MINGW64 ~/Code/lab-bash/lorem (master)
$ cat at.txt
At vero eos ET accusamus ET iusto odio dignissimos ducimus qui blanditiis praesentium voluptatum
deleniti atque corrupti quos dolores ET quas molestias excepturi sint occaecati cupiditate non
provident, similique sunt in culpa qui officia deserunt mollitia animi, id est laborum ET dolorum fuga.
Et harum quidem rerum facilis est ET expedita distinctio.
Nam libero tempore, cum soluta nobis est eligendi optio cumque nihil impedit quo minus id quod
maxime placeat facere possimus, omnis voluptas assumenda est, omnis dolor repellendus.
Temporibus autem quibusdam ET aut officiis debitis aut rerum necessitatibus saepe eveniET
ut ET voluptates repudiandae sint ET molestiae non recusandae.
Itaque earum rerum hic tenETur a sapiente delectus, ut aut reiciendis voluptatibus maiores
alias consequatur aut perferendis doloribus asperiores repellat

yalit@XPS MINGW64 ~/Code/lab-bash/lorem (master)
$ whoami
yalit

yalit@XPS MINGW64 ~/Code/lab-bash/lorem (master)
$ pwd
/c/Users/yalit/Code/lab-bash/lorem

yalit@XPS MINGW64 ~/Code/lab-bash/lorem (master)
$ ls *.txt
at.txt  lorem.txt  sed.txt

yalit@XPS MINGW64 ~/Code/lab-bash/lorem (master)
$ cat sed.txt | wc -l
9

yalit@XPS MINGW64 ~/Code/lab-bash/lorem (master)
$ cat sed.txt
Sed ut perspiciatis unde omnis iste natus error sit voluptatem accusantium doloremque laudantium,
totam rem aperiam, eaque ipsa quae ab illo inventore veritatis et quasi architecto beatae vitae dicta sunt explicabo.
Nemo enim ipsam voluptatem quia voluptas sit aspernatur aut odit aut fugit,
sed quia consequuntur magni dolores eos qui ratione voluptatem sequi nesciunt.
Neque porro quisquam est, qui dolorem ipsum quia dolor sit amet, consectetur, adipisci velit,
sed quia non numquam eius modi tempora incidunt ut labore et dolore magnam aliquam quaerat voluptatem.
Ut enim ad minima veniam, quis nostrum exercitationem ullam corporis suscipit laboriosam,
nisi ut aliquid ex ea commodi consequatur? Quis autem vel eum iure reprehenderit qui in ea voluptate velit esse quam nihil molestiae consequatur,
vel illum qui dolorem eum fugiat quo voluptas nulla pariatur?Homo homini lupus

yalit@XPS MINGW64 ~/Code/lab-bash/lorem (master)
$ cd ..

yalit@XPS MINGW64 ~/Code/lab-bash (master)
$ ls lorem*
lorem:
at.txt  at.txte  lorem.txt  sed.txt

lorem-copy:
at.txt  dummy_file.txt  lorem.txt  sed.txt

yalit@XPS MINGW64 ~/Code/lab-bash (master)
$ ls */lorem*
lorem-copy/lorem.txt  lorem/lorem.txt

yalit@XPS MINGW64 ~/Code/lab-bash (master)
$ ls -l */lorem*
-rw-r--r-- 1 yalit 197609 451 Jan 11 20:34 lorem-copy/lorem.txt
-rw-r--r-- 1 yalit 197609 451 Jan 11 20:16 lorem/lorem.txt

yalit@XPS MINGW64 ~/Code/lab-bash (master)
$ ls -l */lorem* | wc -l
2

yalit@XPS MINGW64 ~/Code/lab-bash (master)
$ read
Ekaterina

yalit@XPS MINGW64 ~/Code/lab-bash (master)
$ mkdir $REPLY

yalit@XPS MINGW64 ~/Code/lab-bash (master)
$ ls
Ekaterina/  exercices/  inputs/  lorem/  lorem-copy/  outputs/  readme.md

yalit@XPS MINGW64 ~/Code/lab-bash (master)
$ rmdir $REPLY

yalit@XPS MINGW64 ~/Code/lab-bash (master)
$ ls
exercices/  inputs/  lorem/  lorem-copy/  outputs/  readme.md

yalit@XPS MINGW64 ~/Code/lab-bash (master)
